{
  "status": "PASS",
  "symbol": "510300.SH",
  "source": "akshare.fund_etf_hist_sina",
  "retrieved_at": "2026-08-24T16:30:09.661492+08:00",
  "requested_end": "2026-08-24",
  "actual_first_date": "2012-05-28",
  "actual_last_date": "2026-08-21",
  "row_count": 3461,
  "new_rows_after_frozen_cutoff": 5,
  "frozen_cutoff": "2026-08-14",
  "overlap_rows_verified": 3456,
  "overlap_mismatch_rows": 0,
  "file": "data/raw/t_only_forward_v1/510300_daily.parquet",
  "sha256": "a6e9bf7eda12c9a3e3a7d27ea1f6196bd9c715eb2baffbd66505df5c60264344",
  "frozen_input_unchanged": true,
  "dividend_secondary_cross_check": {
    "status": "PASS",
    "source": "akshare.fund_etf_dividend_sina(sh510300)",
    "official_event_count": 14,
    "secondary_event_count": 14,
    "date_set_matches": true,
    "amount_matches": true,
    "maximum_absolute_amount_difference": 5.551115123125783e-17
  },
  "dividend_coverage_effective_through": "2026-08-21"
}
