{
  "status": "PASS",
  "symbol": "510300.SH",
  "source": "akshare.fund_etf_hist_sina",
  "retrieved_at": "2026-08-20T16:30:08.677158+08:00",
  "requested_end": "2026-08-20",
  "actual_first_date": "2012-05-28",
  "actual_last_date": "2026-08-19",
  "row_count": 3459,
  "new_rows_after_frozen_cutoff": 3,
  "frozen_cutoff": "2026-08-14",
  "overlap_rows_verified": 3456,
  "overlap_mismatch_rows": 0,
  "file": "data/raw/t_only_forward_v1/510300_daily.parquet",
  "sha256": "a71b2d07a7fb7f7e024addcaeb98db67242ecab00e1137461599ad491d8d9cb3",
  "frozen_input_unchanged": true,
  "dividend_secondary_cross_check": {
    "status": "PASS",
    "source": "akshare.fund_etf_dividend_sina(sh510300)",
    "official_event_count": 14,
    "secondary_event_count": 14,
    "date_set_matches": true,
    "amount_matches": true,
    "maximum_absolute_amount_difference": 5.551115123125783e-17
  },
  "dividend_coverage_effective_through": "2026-08-19"
}
