{
  "tencent_15m": {
    "symbol": "510300.SH",
    "provider": "tencent.ifzq.mkline",
    "frequency_minutes": 15,
    "adjustment": "raw",
    "provider_bar_limit": 320,
    "amount_available": false,
    "volume_normalization": "原始手数乘100转换为份",
    "retrieved_at": "2026-08-12T21:47:32.793119+08:00",
    "persistence_policy": "滚动窗口按bar_end合并，保留本地累积历史",
    "existing_row_count_before_merge": 320,
    "fetched_row_count": 320,
    "stored_row_count": 320,
    "fetched_first_timestamp": "2026-07-16T09:45:00",
    "fetched_last_timestamp": "2026-08-12T15:00:00",
    "stored_first_timestamp": "2026-07-16T09:45:00",
    "stored_last_timestamp": "2026-08-12T15:00:00",
    "file": "data/raw/market/510300_15m_tencent_raw.parquet",
    "sha256": "e0b16845988b22046ad559c5d837d31bbc0c8cb958eb403d97e77e28e1a329da"
  },
  "sina_1m": {
    "symbol": "510300.SH",
    "provider": "sina.CN_MarketDataService.getKLineData",
    "frequency_minutes": 1,
    "adjustment": "raw",
    "provider_bar_limit": 1970,
    "purpose": "验证15分钟bar时间戳与聚合边界，不是五年1分钟历史",
    "retrieved_at": "2026-08-12T21:47:32.793119+08:00",
    "persistence_policy": "滚动窗口按bar_end合并，保留本地累积历史",
    "existing_row_count_before_merge": 1970,
    "fetched_row_count": 1970,
    "stored_row_count": 1970,
    "fetched_first_timestamp": "2026-07-31T13:53:00",
    "fetched_last_timestamp": "2026-08-12T15:00:00",
    "stored_first_timestamp": "2026-07-31T13:53:00",
    "stored_last_timestamp": "2026-08-12T15:00:00",
    "file": "data/raw/market/510300_1m_validation_raw.parquet",
    "sha256": "7dbfb2b28bd31b2818eff09914a4a0edab2f5d0fd1a8bfcd9219541bd550398c"
  },
  "tencent_intraday_snapshots": {
    "symbol": "510300.SH",
    "provider": "tencent.ifzq.minute.query",
    "frequency_minutes": 1,
    "snapshot_kind": "当日分钟累计成交量与成交额",
    "purpose": "从接入日起积累15:05—15:30盘后固定价格交易",
    "historical_backfill": false,
    "retrieved_at": "2026-08-12T21:47:32.793119+08:00",
    "persistence_policy": "滚动窗口按timestamp合并，保留本地累积历史",
    "existing_row_count_before_merge": 267,
    "fetched_row_count": 267,
    "stored_row_count": 267,
    "fetched_first_timestamp": "2026-08-12T09:30:00",
    "fetched_last_timestamp": "2026-08-12T15:30:00",
    "stored_first_timestamp": "2026-08-12T09:30:00",
    "stored_last_timestamp": "2026-08-12T15:30:00",
    "file": "data/raw/market/510300_intraday_tencent_snapshots.parquet",
    "sha256": "01a7f59d4396f10f36ff06297892cc9bef7075811a2da8a2ec86030d343d8a62"
  }
}
