{
  "symbol": "510300.SH",
  "frequency_minutes": 15,
  "adjustment": "raw",
  "timestamp_meaning": "bar_end",
  "timezone": "Asia/Shanghai",
  "provider": "sina.CN_MarketDataService.getKLineData",
  "requested_maximum_bars": 1970,
  "provider_bar_limit": 1970,
  "historical_completeness": "LIMITED_NOT_FIVE_YEARS",
  "persistence_policy": "每次合并最新窗口并按bar_end保留最新记录，避免滚动端点丢失旧数据",
  "existing_row_count_before_merge": 1970,
  "fetched_row_count": 1970,
  "fetched_first_bar_end": "2026-02-05T14:45:00",
  "fetched_last_bar_end": "2026-08-12T15:00:00",
  "actual_first_bar_end": "2026-02-05T14:45:00",
  "actual_last_bar_end": "2026-08-12T15:00:00",
  "row_count": 1970,
  "trading_day_count": 124,
  "full_trading_day_count": 123,
  "partial_trading_days": {
    "2026-02-05": 2
  },
  "retrieved_at": "2026-08-12T21:47:31.599364+08:00",
  "source_url": "https://quotes.sina.cn/cn/api/jsonp_v2.php/=/CN_MarketDataService.getKLineData",
  "file": "data/raw/market/510300_15m_raw.parquet",
  "sha256": "040eff2779cb25b6027de74fd40d047cdc588f2b28b2815e0fe51ab6777900cc"
}
