{
  "status": "PASS_OFFLINE_RAW_SOURCE_AND_MEMBERSHIP_RECOMPUTATION_AFTER_DATE_UNIT_NORMALIZATION",
  "verified_at": "2026-09-14T01:04:21.472945+08:00",
  "all_records_checked": 33722,
  "raw_responses_checked": 1603,
  "membership_sessions": 2823,
  "date_storage_normalization": [
    {
      "file": "eligible_with_membership_diagnostic.parquet",
      "recreated_dates": [
        {
          "column": "membership_diagnostic_session",
          "before": "datetime64[s]",
          "comparison_dtype": "datetime64[ns]"
        }
      ],
      "stored_dates": [
        {
          "column": "membership_diagnostic_session",
          "before": "datetime64[ms]",
          "comparison_dtype": "datetime64[ns]"
        }
      ],
      "all_cell_values_equal": true
    },
    {
      "file": "company_day_activity_diagnostic.parquet",
      "recreated_dates": [
        {
          "column": "membership_diagnostic_session",
          "before": "datetime64[s]",
          "comparison_dtype": "datetime64[ns]"
        }
      ],
      "stored_dates": [
        {
          "column": "membership_diagnostic_session",
          "before": "datetime64[ms]",
          "comparison_dtype": "datetime64[ns]"
        }
      ],
      "all_cell_values_equal": true
    }
  ],
  "previous_dtype_failure_preserved": true,
  "source_data_or_model_inputs_modified": false,
  "new_network_calls": 0,
  "new_return_labels": 0,
  "new_model_fits": 0,
  "new_accounts": 0,
  "new_random_samples": 0,
  "verifier_sha256": "b517d101308dec30db4d3452ad3b15d053da201533fc4788b6c31be903c1a4e1"
}
