{
  "status": "PASS",
  "checked_at": "2026-08-14T13:00:58.319770+08:00",
  "collector": {
    "collector_id": "510300_PRIMARY_SECONDARY_FORWARD_V1",
    "symbol": "510300.SH",
    "fund_code": "510300",
    "timezone": "Asia/Shanghai",
    "timeout_seconds": 15,
    "observation_interval_seconds": 60,
    "collection_start_time": "09:30:00",
    "collection_end_time": "15:00:00",
    "collection_sessions": [
      [
        "09:30:00",
        "11:30:00"
      ],
      [
        "13:00:00",
        "15:00:00"
      ]
    ],
    "evidence_scope": "仅从实际接入日起的前向数据，不回填历史IOPV"
  },
  "checks": {
    "same_fund_code": true,
    "same_trade_date": true,
    "iopv_publication_enabled": true,
    "positive_iopv": true,
    "positive_last_price": true,
    "positive_creation_unit": true,
    "snapshot_fresh_during_collection_session": true
  },
  "freshness": {
    "during_collection_session": true,
    "clock_delay_seconds": 0.31977,
    "maximum_allowed_seconds_during_session": 180.0
  },
  "latest_pcf": {
    "trading_day": "2026-08-14",
    "previous_trading_day": "2026-08-13",
    "fund_code": "510300",
    "fund_name": "华泰柏瑞沪深300交易型开放式指数证券投资基金",
    "fund_company": "华泰柏瑞基金管理有限公司",
    "file_id": "1462271",
    "etf_type": "8",
    "nav": 4.7267,
    "nav_per_creation_unit": 4254009.84,
    "previous_cash_component": 103829.84,
    "estimated_cash_component": 106569.84,
    "maximum_cash_ratio": 0.5,
    "creation_redemption_unit": 900000,
    "component_count": 300,
    "publish_iopv": true,
    "creation_redemption_status": "申购和赎回皆允许",
    "creation_redemption_mechanism": "1",
    "creation_limit": null,
    "redemption_limit": 3600000000.0,
    "net_creation_limit": null,
    "net_redemption_limit": null,
    "creation_limit_per_account": null,
    "redemption_limit_per_account": null,
    "net_creation_limit_per_account": null,
    "net_redemption_limit_per_account": null,
    "source": "sse.COMMON_SSE_CP_JJLB_ETFJJGK_GGSGSHQD_JBXX_C",
    "retrieved_at": "2026-08-14T13:00:56.265818+08:00"
  },
  "latest_iopv": {
    "exchange_timestamp": "2026-08-14 13:00:58",
    "trade_date": "2026-08-14",
    "fund_code": "510300",
    "name": "300ETF",
    "extended_name": "沪深300ETF华泰柏瑞",
    "last_price": 4.714,
    "iopv": 4.7199,
    "premium_discount_bps": -12.500264836118324,
    "change_rate_pct": -0.32,
    "change_cny": -0.015,
    "open": 4.737,
    "previous_close": 4.729,
    "high": 4.742,
    "low": 4.705,
    "volume_shares": 412956830.0,
    "amount_cny": 1950195911.0,
    "trade_phase_raw": "T111    ",
    "post_close_volume_shares": 0.0,
    "post_close_amount_cny": 0.0,
    "post_close_phase_raw": "A1      ",
    "product_subtype": "EBS",
    "source": "sse.yunhq.sh1.snap",
    "retrieved_at": "2026-08-14T13:00:58.285838+08:00"
  },
  "account_feasibility": {
    "reference_account_cny": 20000.0,
    "creation_unit_notional_cny": 4242600.0,
    "can_directly_create_or_redeem": false,
    "intended_use": "只用PCF和IOPV观察一级市场吸收状态，在二级市场交易510300"
  },
  "storage": {
    "pcf": {
      "file": "data/raw/primary_market/510300_pcf_daily.parquet",
      "row_count": 2,
      "first_key": "2026-08-13",
      "last_key": "2026-08-14",
      "sha256": "e595fcdece09a22a3226add2ea5ff63e0df6fac6d1ddeb819b6393f7a72a74ea"
    },
    "iopv": {
      "file": "data/raw/primary_market/510300_iopv_snapshots.parquet",
      "row_count": 2,
      "first_key": "2026-08-13 16:29:06",
      "last_key": "2026-08-14 13:00:58",
      "sha256": "c32db234fb4f98f34d36ee9704f4346a2dc0dcfe3174bfad5a365413a6d4d11a"
    }
  },
  "raw_response_files": [
    "data/raw/primary_market/raw/pcf/20260814/20260814T130053_860375+0800.json",
    "data/raw/primary_market/raw/iopv/20260814/20260814T130053_860375+0800.json"
  ],
  "governance": {
    "use_as_trading_signal": false,
    "automatic_ordering_authorized": false,
    "note": "当前只采集和纸面验证；未通过前向门槛前不得映射实盘仓位。"
  }
}
PCF交易日不是本地当天，按休市日处理并结束连续采集
{
  "generated_at": "2026-08-14T13:00:59.284179+08:00",
  "collector_id": "510300_PRIMARY_SECONDARY_FORWARD_V1",
  "status": "COLLECTING",
  "observed_trading_days": 2,
  "full_coverage_days": 0,
  "minimum_full_coverage_days": 20,
  "recommended_full_coverage_days": 40,
  "minimum_snapshots_per_day": 120,
  "minimum_progress": 0.0,
  "recommended_progress": 0.0,
  "first_observed_trade_date": "2026-08-13",
  "last_observed_trade_date": "2026-08-14",
  "daily_snapshot_counts": {
    "2026-08-13": 1,
    "2026-08-14": 1
  },
  "eligible_for_research_evaluation": false,
  "eligible_for_position_mapping": false,
  "position_mapping_block_reason": "达到样本数只代表可以开始研究评估；仍须通过时序稳定性、样本外增益和成本后收益门槛",
  "governance": {
    "automatic_position_mapping_authorized": false,
    "automatic_ordering_authorized": false
  }
}
{
  "generated_at": "2026-08-14T13:01:00.359101+08:00",
  "strategy": {
    "strategy_id": "510300_SMALL_ACCOUNT_PAPER_V1",
    "name": "510300两万元五档库存纸面执行",
    "instrument": "510300.SH",
    "evidence_scope": "估值模型仅作已有慢速底仓输入；申赎与IOPV覆盖层仍处前向数据积累期"
  },
  "base_signal_date": "2026-08-12",
  "quote_exchange_timestamp": "2026-08-14 13:00:58",
  "reference_price_cny": 4.714,
  "reference_iopv": 4.7199,
  "premium_discount_bps": -12.500264836118324,
  "base_model": {
    "continuous_model_position": 0.3824227553241377,
    "target_position": 0.30000000000000004,
    "signal_reason": "非复核日维持"
  },
  "small_account_target": {
    "raw_target_position": 0.30000000000000004,
    "target_position_grid": 0.25,
    "target_shares": 1000,
    "target_notional_cny": 4714.0,
    "effective_target_position": 0.2357,
    "current_shares": null,
    "paper_action": "TARGET_ONLY_NO_HOLDINGS",
    "paper_trade_shares": null,
    "automatic_ordering_authorized": false
  },
  "primary_market_overlay": {
    "status": "DATA_COLLECTION_ONLY",
    "maximum_position_delta": 0.25,
    "enabled_for_position_mapping": false,
    "readiness_status": "COLLECTING",
    "full_coverage_days": 0,
    "minimum_full_coverage_days": 20,
    "position_delta": 0.0,
    "reason": "PCF与IOPV只处于前向数据积累期，尚未通过仓位映射门槛"
  },
  "cost_assumptions": {
    "minimum_commission_cny": 5.0,
    "commission_rate": 0.0003,
    "slippage_bps_per_leg": 5.0
  },
  "governance": {
    "paper_only": true,
    "automatic_ordering_authorized": false,
    "requires_current_shares_before_action": true,
    "note": "不得将纸面动作当作券商委托；须手工提供当前持仓后才能计算买卖差额。"
  },
  "input_hashes": {
    "round5_latest_signal.json": "081107b9ca57f7f7c8f2bc14aec5912fbf22a265343a9f0b5496bd7adefa46e1",
    "510300_iopv_snapshots.parquet": "c32db234fb4f98f34d36ee9704f4346a2dc0dcfe3174bfad5a365413a6d4d11a",
    "small_account_20000.yaml": "bde51999b04ecbca508cb6a08b8ddcce9cec3fb00db096963095fd6e88c349e1",
    "510300_primary_market_readiness.json": "1bf9d3a4fbbfa11ec7e42acc4488d5d91463325a6d77cd26e54174fb27928a79"
  }
}
