已比较全部 14,604 个指标条目，共 1,237,804 个原始有效数值。
{
  "生成时间": "2026-10-04T20:15:43+08:00",
  "结果目录": "C:\\Users\\戴周阳\\Documents\\New project 8\\data\\nbs_monthly\\analyses\\20261004_national_full_multiyear_v2",
  "全部指标条目": 14604,
  "全部有效历史数值": 1237804,
  "宏观系列": 61,
  "宏观类别数": 14,
  "宏观历史读数": 14821,
  "行业数": 41,
  "行业历史月份数": 95,
  "官方季调环比保存值数": 2082,
  "官方季调环比最新值数": 214,
  "最新季调环比": [
    {
      "指标": "固定资产投资",
      "数据月份": "202608",
      "季调环比%": -0.5,
      "公布时间": "2026-09-15 10:00",
      "官方来源": "https://www.stats.gov.cn/sj/zxfb/202609/t20260915_1965309.html",
      "原稿标题": "2026年1—8月份全国固定资产投资基本情况",
      "表序号": 1,
      "行序号": 13,
      "月序号": 24319,
      "三个月季调累计变化%": -1.96128685
    },
    {
      "指标": "工业增加值",
      "数据月份": "202608",
      "季调环比%": 0.54,
      "公布时间": "2026-09-15 10:00",
      "官方来源": "https://www.stats.gov.cn/sj/zxfb/202609/t20260915_1965308.html",
      "原稿标题": "2026年8月份规模以上工业增加值增长5.2%",
      "表序号": 1,
      "行序号": 13,
      "月序号": 24319,
      "三个月季调累计变化%": 1.4155385144
    },
    {
      "指标": "社会消费品零售",
      "数据月份": "202608",
      "季调环比%": -0.13,
      "公布时间": "2026-09-15 10:00",
      "官方来源": "https://www.stats.gov.cn/sj/zxfb/202609/t20260915_1965311.html",
      "原稿标题": "2026年1—8月份社会消费品零售总额增长1.1%",
      "表序号": 1,
      "行序号": 13,
      "月序号": 24319,
      "三个月季调累计变化%": 0.279506948
    }
  ]
}
